This is pdfTeX, Version 3.141592653-2.6-1.40.29 (MiKTeX 26.2) (preloaded format=pdflatex 2026.3.24)  17 APR 2026 09:34
entering extended mode
 restricted \write18 enabled.
 %&-line parsing enabled.
**./11_weekly_td3_disturbance_summary.tex
(11_weekly_td3_disturbance_summary.tex
LaTeX2e <2025-11-01>
L3 programming layer <2026-01-19>
(C:\Users\HAMEDI\AppData\Local\Programs\MiKTeX\tex/latex/base\article.cls
Document Class: article 2025/01/22 v1.4n Standard LaTeX document class
(C:\Users\HAMEDI\AppData\Local\Programs\MiKTeX\tex/latex/base\size11.clo
File: size11.clo 2025/01/22 v1.4n Standard LaTeX file (size option)
)
\c@part=\count275
\c@section=\count276
\c@subsection=\count277
\c@subsubsection=\count278
\c@paragraph=\count279
\c@subparagraph=\count280
\c@figure=\count281
\c@table=\count282
\abovecaptionskip=\skip49
\belowcaptionskip=\skip50
\bibindent=\dimen148
)
(_common_preamble.tex
(C:\Users\HAMEDI\AppData\Local\Programs\MiKTeX\tex/latex/geometry\geometry.sty
Package: geometry 2026/03/07 v6.0 Page Geometry

(C:\Users\HAMEDI\AppData\Local\Programs\MiKTeX\tex/latex/graphics\keyval.sty
Package: keyval 2022/05/29 v1.15 key=value parser (DPC)
\KV@toks@=\toks17
)
(C:\Users\HAMEDI\AppData\Local\Programs\MiKTeX\tex/generic/iftex\ifvtex.sty
Package: ifvtex 2019/10/25 v1.7 ifvtex legacy package. Use iftex instead.

(C:\Users\HAMEDI\AppData\Local\Programs\MiKTeX\tex/generic/iftex\iftex.sty
Package: iftex 2024/12/12 v1.0g TeX engine tests
))
\Gm@cnth=\count283
\Gm@cntv=\count284
\c@Gm@tempcnt=\count285
\Gm@bindingoffset=\dimen149
\Gm@wd@mp=\dimen150
\Gm@odd@mp=\dimen151
\Gm@even@mp=\dimen152
\Gm@layoutwidth=\dimen153
\Gm@layoutheight=\dimen154
\Gm@layouthoffset=\dimen155
\Gm@layoutvoffset=\dimen156
\Gm@dimlist=\toks18

(C:\Users\HAMEDI\AppData\Local\Programs\MiKTeX\tex/latex/geometry\geometry.cfg)
) (C:\Users\HAMEDI\AppData\Local\Programs\MiKTeX\tex/latex/base\fontenc.sty
Package: fontenc 2025/07/18 v2.1d Standard LaTeX package
)
(C:\Users\HAMEDI\AppData\Local\Programs\MiKTeX\tex/latex/base\inputenc.sty
Package: inputenc 2024/02/08 v1.3d Input encoding file
\inpenc@prehook=\toks19
\inpenc@posthook=\toks20
)
(C:\Users\HAMEDI\AppData\Local\Programs\MiKTeX\tex/latex/amsmath\amsmath.sty
Package: amsmath 2025/07/09 v2.17z AMS math features
\@mathmargin=\skip51

For additional information on amsmath, use the `?' option.
(C:\Users\HAMEDI\AppData\Local\Programs\MiKTeX\tex/latex/amsmath\amstext.sty
Package: amstext 2024/11/17 v2.01 AMS text

(C:\Users\HAMEDI\AppData\Local\Programs\MiKTeX\tex/latex/amsmath\amsgen.sty
File: amsgen.sty 1999/11/30 v2.0 generic functions
\@emptytoks=\toks21
\ex@=\dimen157
))
(C:\Users\HAMEDI\AppData\Local\Programs\MiKTeX\tex/latex/amsmath\amsbsy.sty
Package: amsbsy 1999/11/29 v1.2d Bold Symbols
\pmbraise@=\dimen158
)
(C:\Users\HAMEDI\AppData\Local\Programs\MiKTeX\tex/latex/amsmath\amsopn.sty
Package: amsopn 2022/04/08 v2.04 operator names
)
\inf@bad=\count286
LaTeX Info: Redefining \frac on input line 233.
\uproot@=\count287
\leftroot@=\count288
LaTeX Info: Redefining \overline on input line 398.
LaTeX Info: Redefining \colon on input line 409.
\classnum@=\count289
\DOTSCASE@=\count290
LaTeX Info: Redefining \ldots on input line 495.
LaTeX Info: Redefining \dots on input line 498.
LaTeX Info: Redefining \cdots on input line 619.
\Mathstrutbox@=\box53
\strutbox@=\box54
LaTeX Info: Redefining \big on input line 721.
LaTeX Info: Redefining \Big on input line 722.
LaTeX Info: Redefining \bigg on input line 723.
LaTeX Info: Redefining \Bigg on input line 724.
\big@size=\dimen159
LaTeX Font Info:    Redeclaring font encoding OML on input line 742.
LaTeX Font Info:    Redeclaring font encoding OMS on input line 743.
\macc@depth=\count291
LaTeX Info: Redefining \bmod on input line 904.
LaTeX Info: Redefining \pmod on input line 909.
LaTeX Info: Redefining \smash on input line 939.
LaTeX Info: Redefining \relbar on input line 969.
LaTeX Info: Redefining \Relbar on input line 970.
\c@MaxMatrixCols=\count292
\dotsspace@=\muskip17
\c@parentequation=\count293
\dspbrk@lvl=\count294
\tag@help=\toks22
\row@=\count295
\column@=\count296
\maxfields@=\count297
\andhelp@=\toks23
\eqnshift@=\dimen160
\alignsep@=\dimen161
\tagshift@=\dimen162
\tagwidth@=\dimen163
\totwidth@=\dimen164
\lineht@=\dimen165
\@envbody=\toks24
\multlinegap=\skip52
\multlinetaggap=\skip53
\mathdisplay@stack=\toks25
LaTeX Info: Redefining \[ on input line 2950.
LaTeX Info: Redefining \] on input line 2951.
)
(C:\Users\HAMEDI\AppData\Local\Programs\MiKTeX\tex/latex/amsfonts\amssymb.sty
Package: amssymb 2013/01/14 v3.01 AMS font symbols

(C:\Users\HAMEDI\AppData\Local\Programs\MiKTeX\tex/latex/amsfonts\amsfonts.sty
Package: amsfonts 2013/01/14 v3.01 Basic AMSFonts support
\symAMSa=\mathgroup4
\symAMSb=\mathgroup5
LaTeX Font Info:    Redeclaring math symbol \hbar on input line 98.
LaTeX Font Info:    Overwriting math alphabet `\mathfrak' in version `bold'
(Font)                  U/euf/m/n --> U/euf/b/n on input line 106.
))
(C:\Users\HAMEDI\AppData\Local\Programs\MiKTeX\tex/latex/mathtools\mathtools.st
y
Package: mathtools 2024/10/04 v1.31 mathematical typesetting tools
 (C:\Users\HAMEDI\AppData\Local\Programs\MiKTeX\tex/latex/tools\calc.sty
Package: calc 2025/03/01 v4.3b Infix arithmetic (KKT,FJ)
\calc@Acount=\count298
\calc@Bcount=\count299
\calc@Adimen=\dimen166
\calc@Bdimen=\dimen167
\calc@Askip=\skip54
\calc@Bskip=\skip55
LaTeX Info: Redefining \setlength on input line 86.
LaTeX Info: Redefining \addtolength on input line 87.
\calc@Ccount=\count300
\calc@Cskip=\skip56
)
(C:\Users\HAMEDI\AppData\Local\Programs\MiKTeX\tex/latex/mathtools\mhsetup.sty
Package: mhsetup 2021/03/18 v1.4 programming setup (MH)
)
\g_MT_multlinerow_int=\count301
\l_MT_multwidth_dim=\dimen168
\origjot=\skip57
\l_MT_shortvdotswithinadjustabove_dim=\dimen169
\l_MT_shortvdotswithinadjustbelow_dim=\dimen170
\l_MT_above_intertext_sep=\dimen171
\l_MT_below_intertext_sep=\dimen172
\l_MT_above_shortintertext_sep=\dimen173
\l_MT_below_shortintertext_sep=\dimen174
\xmathstrut@box=\box55
\xmathstrut@dim=\dimen175
)
(C:\Users\HAMEDI\AppData\Local\Programs\MiKTeX\tex/latex/booktabs\booktabs.sty
Package: booktabs 2020/01/12 v1.61803398 Publication quality tables
\heavyrulewidth=\dimen176
\lightrulewidth=\dimen177
\cmidrulewidth=\dimen178
\belowrulesep=\dimen179
\belowbottomsep=\dimen180
\aboverulesep=\dimen181
\abovetopsep=\dimen182
\cmidrulesep=\dimen183
\cmidrulekern=\dimen184
\defaultaddspace=\dimen185
\@cmidla=\count302
\@cmidlb=\count303
\@aboverulesep=\dimen186
\@belowrulesep=\dimen187
\@thisruleclass=\count304
\@lastruleclass=\count305
\@thisrulewidth=\dimen188
) (C:\Users\HAMEDI\AppData\Local\Programs\MiKTeX\tex/latex/hyperref\hyperref.st
y
Package: hyperref 2026-01-29 v7.01p Hypertext links for LaTeX

(C:\Users\HAMEDI\AppData\Local\Programs\MiKTeX\tex/latex/kvsetkeys\kvsetkeys.st
y
Package: kvsetkeys 2022-10-05 v1.19 Key value parser (HO)
)
(C:\Users\HAMEDI\AppData\Local\Programs\MiKTeX\tex/generic/kvdefinekeys\kvdefin
ekeys.sty
Package: kvdefinekeys 2019-12-19 v1.6 Define keys (HO)
)
(C:\Users\HAMEDI\AppData\Local\Programs\MiKTeX\tex/generic/pdfescape\pdfescape.
sty
Package: pdfescape 2019/12/09 v1.15 Implements pdfTeX's escape features (HO)

(C:\Users\HAMEDI\AppData\Local\Programs\MiKTeX\tex/generic/ltxcmds\ltxcmds.sty
Package: ltxcmds 2023-12-04 v1.26 LaTeX kernel commands for general use (HO)
)
(C:\Users\HAMEDI\AppData\Local\Programs\MiKTeX\tex/generic/pdftexcmds\pdftexcmd
s.sty
Package: pdftexcmds 2020-06-27 v0.33 Utility functions of pdfTeX for LuaTeX (HO
)

(C:\Users\HAMEDI\AppData\Local\Programs\MiKTeX\tex/generic/infwarerr\infwarerr.
sty
Package: infwarerr 2019/12/03 v1.5 Providing info/warning/error messages (HO)
)
Package pdftexcmds Info: \pdf@primitive is available.
Package pdftexcmds Info: \pdf@ifprimitive is available.
Package pdftexcmds Info: \pdfdraftmode found.
))
(C:\Users\HAMEDI\AppData\Local\Programs\MiKTeX\tex/latex/hycolor\hycolor.sty
Package: hycolor 2020-01-27 v1.10 Color options for hyperref/bookmark (HO)
)
(C:\Users\HAMEDI\AppData\Local\Programs\MiKTeX\tex/latex/hyperref\nameref.sty
Package: nameref 2026-01-29 v2.58 Cross-referencing by name of section

(C:\Users\HAMEDI\AppData\Local\Programs\MiKTeX\tex/latex/refcount\refcount.sty
Package: refcount 2019/12/15 v3.6 Data extraction from label references (HO)
)
(C:\Users\HAMEDI\AppData\Local\Programs\MiKTeX\tex/generic/gettitlestring\getti
tlestring.sty
Package: gettitlestring 2019/12/15 v1.6 Cleanup title references (HO)

(C:\Users\HAMEDI\AppData\Local\Programs\MiKTeX\tex/latex/kvoptions\kvoptions.st
y
Package: kvoptions 2022-06-15 v3.15 Key value format for package options (HO)
))
\c@section@level=\count306
)
(C:\Users\HAMEDI\AppData\Local\Programs\MiKTeX\tex/latex/etoolbox\etoolbox.sty
Package: etoolbox 2025/10/02 v2.5m e-TeX tools for LaTeX (JAW)
\etb@tempcnta=\count307
)
(C:\Users\HAMEDI\AppData\Local\Programs\MiKTeX\tex/generic/stringenc\stringenc.
sty
Package: stringenc 2019/11/29 v1.12 Convert strings between diff. encodings (HO
)
)
\@linkdim=\dimen189
\Hy@linkcounter=\count308
\Hy@pagecounter=\count309

(C:\Users\HAMEDI\AppData\Local\Programs\MiKTeX\tex/latex/hyperref\pd1enc.def
File: pd1enc.def 2026-01-29 v7.01p Hyperref: PDFDocEncoding definition (HO)
Now handling font encoding PD1 ...
... no UTF-8 mapping file for font encoding PD1
)
(C:\Users\HAMEDI\AppData\Local\Programs\MiKTeX\tex/generic/intcalc\intcalc.sty
Package: intcalc 2019/12/15 v1.3 Expandable calculations with integers (HO)
)
\Hy@SavedSpaceFactor=\count310
(C:\Users\HAMEDI\AppData\Local\Programs\MiKTeX\tex/latex/hyperref\puenc.def
File: puenc.def 2026-01-29 v7.01p Hyperref: PDF Unicode definition (HO)
Now handling font encoding PU ...
... no UTF-8 mapping file for font encoding PU
)
Package hyperref Info: Hyper figures OFF on input line 4201.
Package hyperref Info: Link nesting OFF on input line 4206.
Package hyperref Info: Hyper index ON on input line 4209.
Package hyperref Info: Plain pages OFF on input line 4216.
Package hyperref Info: Backreferencing OFF on input line 4221.
Package hyperref Info: Implicit mode ON; LaTeX internals redefined.
Package hyperref Info: Bookmarks ON on input line 4468.
\c@Hy@tempcnt=\count311

(C:\Users\HAMEDI\AppData\Local\Programs\MiKTeX\tex/latex/url\url.sty
\Urlmuskip=\muskip18
Package: url 2013/09/16  ver 3.4  Verb mode for urls, etc.
)
LaTeX Info: Redefining \url on input line 4807.
\XeTeXLinkMargin=\dimen190

(C:\Users\HAMEDI\AppData\Local\Programs\MiKTeX\tex/generic/bitset\bitset.sty
Package: bitset 2019/12/09 v1.3 Handle bit-vector datatype (HO)

(C:\Users\HAMEDI\AppData\Local\Programs\MiKTeX\tex/generic/bigintcalc\bigintcal
c.sty
Package: bigintcalc 2019/12/15 v1.5 Expandable calculations on big integers (HO
)
))
\Fld@menulength=\count312
\Field@Width=\dimen191
\Fld@charsize=\dimen192
Package hyperref Info: Hyper figures OFF on input line 6084.
Package hyperref Info: Link nesting OFF on input line 6089.
Package hyperref Info: Hyper index ON on input line 6092.
Package hyperref Info: backreferencing OFF on input line 6099.
Package hyperref Info: Link coloring OFF on input line 6104.
Package hyperref Info: Link coloring with OCG OFF on input line 6109.
Package hyperref Info: PDF/A mode OFF on input line 6114.
\Hy@abspage=\count313
\c@Item=\count314
\c@Hfootnote=\count315
)
Package hyperref Info: Driver (autodetected): hpdftex.

(C:\Users\HAMEDI\AppData\Local\Programs\MiKTeX\tex/latex/hyperref\hpdftex.def
File: hpdftex.def 2026-01-29 v7.01p Hyperref driver for pdfTeX
\Fld@listcount=\count316
\c@bookmark@seq@number=\count317

(C:\Users\HAMEDI\AppData\Local\Programs\MiKTeX\tex/latex/rerunfilecheck\rerunfi
lecheck.sty
Package: rerunfilecheck 2025-06-21 v1.11 Rerun checks for auxiliary files (HO)

(C:\Users\HAMEDI\AppData\Local\Programs\MiKTeX\tex/generic/uniquecounter\unique
counter.sty
Package: uniquecounter 2019/12/15 v1.4 Provide unlimited unique counter (HO)
)
Package uniquecounter Info: New unique counter `rerunfilecheck' on input line 2
84.
)
\Hy@SectionHShift=\skip58
)
(C:\Users\HAMEDI\AppData\Local\Programs\MiKTeX\tex/latex/xcolor\xcolor.sty
Package: xcolor 2024/09/29 v3.02 LaTeX color extensions (UK)

(C:\Users\HAMEDI\AppData\Local\Programs\MiKTeX\tex/latex/graphics-cfg\color.cfg
File: color.cfg 2016/01/02 v1.6 sample color configuration
)
Package xcolor Info: Driver file: pdftex.def on input line 274.

(C:\Users\HAMEDI\AppData\Local\Programs\MiKTeX\tex/latex/graphics-def\pdftex.de
f
File: pdftex.def 2025/09/29 v1.2d Graphics/color driver for pdftex
)
(C:\Users\HAMEDI\AppData\Local\Programs\MiKTeX\tex/latex/graphics\mathcolor.ltx
)
Package xcolor Info: Model `cmy' substituted by `cmy0' on input line 1349.
Package xcolor Info: Model `hsb' substituted by `rgb' on input line 1353.
Package xcolor Info: Model `RGB' extended on input line 1365.
Package xcolor Info: Model `HTML' substituted by `rgb' on input line 1367.
Package xcolor Info: Model `Hsb' substituted by `hsb' on input line 1368.
Package xcolor Info: Model `tHsb' substituted by `hsb' on input line 1369.
Package xcolor Info: Model `HSB' substituted by `hsb' on input line 1370.
Package xcolor Info: Model `Gray' substituted by `gray' on input line 1371.
Package xcolor Info: Model `wave' substituted by `hsb' on input line 1372.
)
(C:\Users\HAMEDI\AppData\Local\Programs\MiKTeX\tex/latex/listings\listings.sty
\lst@mode=\count318
\lst@gtempboxa=\box56
\lst@token=\toks26
\lst@length=\count319
\lst@currlwidth=\dimen193
\lst@column=\count320
\lst@pos=\count321
\lst@lostspace=\dimen194
\lst@width=\dimen195
\lst@newlines=\count322
\lst@lineno=\count323
\lst@maxwidth=\dimen196

(C:\Users\HAMEDI\AppData\Local\Programs\MiKTeX\tex/latex/listings\lstpatch.sty
File: lstpatch.sty 2025/11/14 1.11b (Carsten Heinz)
) (C:\Users\HAMEDI\AppData\Local\Programs\MiKTeX\tex/latex/listings\lstmisc.sty
File: lstmisc.sty 2025/11/14 1.11b (Carsten Heinz)
\c@lstnumber=\count324
\lst@skipnumbers=\count325
\lst@framebox=\box57
) (C:\Users\HAMEDI\AppData\Local\Programs\MiKTeX\tex/latex/listings\listings.cf
g
File: listings.cfg 2025/11/14 1.11b listings configuration
))
Package: listings 2025/11/14 1.11b (Carsten Heinz)

==> First Aid for listings.sty no longer applied!
    Expected:
        2024/09/23 1.10c (Carsten Heinz)
    but found:
        2025/11/14 1.11b (Carsten Heinz)
    so I'm assuming it got fixed.
Package hyperref Info: Option `colorlinks' set `true' on input line 14.
(C:\Users\HAMEDI\AppData\Local\Programs\MiKTeX\tex/latex/listings\lstlang1.sty
File: lstlang1.sty 2025/11/14 1.11b listings language file
)) (_common_notation.tex)
(C:\Users\HAMEDI\AppData\Local\Programs\MiKTeX\tex/latex/graphics\graphicx.sty
Package: graphicx 2024/12/31 v1.2e Enhanced LaTeX Graphics (DPC,SPQR)

(C:\Users\HAMEDI\AppData\Local\Programs\MiKTeX\tex/latex/graphics\graphics.sty
Package: graphics 2024/08/06 v1.4g Standard LaTeX Graphics (DPC,SPQR)

(C:\Users\HAMEDI\AppData\Local\Programs\MiKTeX\tex/latex/graphics\trig.sty
Package: trig 2023/12/02 v1.11 sin cos tan (DPC)
)
(C:\Users\HAMEDI\AppData\Local\Programs\MiKTeX\tex/latex/graphics-cfg\graphics.
cfg
File: graphics.cfg 2016/06/04 v1.11 sample graphics configuration
)
Package graphics Info: Driver file: pdftex.def on input line 106.
)
\Gin@req@height=\dimen197
\Gin@req@width=\dimen198
) (C:\Users\HAMEDI\AppData\Local\Programs\MiKTeX\tex/latex/float\float.sty
Package: float 2001/11/08 v1.3d Float enhancements (AL)
\c@float@type=\count326
\float@exts=\toks27
\float@box=\box58
\@float@everytoks=\toks28
\@floatcapt=\box59
)
(C:\Users\HAMEDI\AppData\Local\Programs\MiKTeX\tex/latex/l3backend\l3backend-pd
ftex.def
File: l3backend-pdftex.def 2025-10-09 L3 backend support: PDF output (pdfTeX)
\l__color_backend_stack_int=\count327
) (11_weekly_td3_disturbance_summary.aux)
\openout1 = `11_weekly_td3_disturbance_summary.aux'.

LaTeX Font Info:    Checking defaults for OML/cmm/m/it on input line 12.
LaTeX Font Info:    ... okay on input line 12.
LaTeX Font Info:    Checking defaults for OMS/cmsy/m/n on input line 12.
LaTeX Font Info:    ... okay on input line 12.
LaTeX Font Info:    Checking defaults for OT1/cmr/m/n on input line 12.
LaTeX Font Info:    ... okay on input line 12.
LaTeX Font Info:    Checking defaults for T1/cmr/m/n on input line 12.
LaTeX Font Info:    ... okay on input line 12.
LaTeX Font Info:    Checking defaults for TS1/cmr/m/n on input line 12.
LaTeX Font Info:    ... okay on input line 12.
LaTeX Font Info:    Checking defaults for OMX/cmex/m/n on input line 12.
LaTeX Font Info:    ... okay on input line 12.
LaTeX Font Info:    Checking defaults for U/cmr/m/n on input line 12.
LaTeX Font Info:    ... okay on input line 12.
LaTeX Font Info:    Checking defaults for PD1/pdf/m/n on input line 12.
LaTeX Font Info:    ... okay on input line 12.
LaTeX Font Info:    Checking defaults for PU/pdf/m/n on input line 12.
LaTeX Font Info:    ... okay on input line 12.

*geometry* driver: auto-detecting
*geometry* detected driver: pdftex
*geometry* verbose mode - [ preamble ] result:
* driver: pdftex
* paper: <default>
* layout: <same size as paper>
* layoutoffset:(h,v)=(0.0pt,0.0pt)
* modes: 
* h-part:(L,W,R)=(72.26999pt, 469.75502pt, 72.26999pt)
* v-part:(T,H,B)=(72.26999pt, 650.43001pt, 72.26999pt)
* \paperwidth=614.295pt
* \paperheight=794.96999pt
* \textwidth=469.75502pt
* \textheight=650.43001pt
* \oddsidemargin=0.0pt
* \evensidemargin=0.0pt
* \topmargin=-37.0pt
* \headheight=12.0pt
* \headsep=25.0pt
* \topskip=11.0pt
* \footskip=30.0pt
* \marginparwidth=59.0pt
* \marginparsep=10.0pt
* \columnsep=10.0pt
* \skip\footins=10.0pt plus 4.0pt minus 2.0pt
* \hoffset=0.0pt
* \voffset=0.0pt
* \mag=1000
* \@twocolumnfalse
* \@twosidefalse
* \@mparswitchfalse
* \@reversemarginfalse
* (1in=72.27pt=25.4mm, 1cm=28.453pt)

Package hyperref Info: Link coloring ON on input line 12.
(11_weekly_td3_disturbance_summary.out) (11_weekly_td3_disturbance_summary.out)
\@outlinefile=\write3
\openout3 = `11_weekly_td3_disturbance_summary.out'.


(C:\Users\HAMEDI\AppData\Local\Programs\MiKTeX\tex/context/base/mkii\supp-pdf.m
kii
[Loading MPS to PDF converter (version 2006.09.02).]
\scratchcounter=\count328
\scratchdimen=\dimen199
\scratchbox=\box60
\nofMPsegments=\count329
\nofMParguments=\count330
\everyMPshowfont=\toks29
\MPscratchCnt=\count331
\MPscratchDim=\dimen256
\MPnumerator=\count332
\makeMPintoPDFobject=\count333
\everyMPtoPDFconversion=\toks30
)
(C:\Users\HAMEDI\AppData\Local\Programs\MiKTeX\tex/latex/epstopdf-pkg\epstopdf-
base.sty
Package: epstopdf-base 2020-01-24 v2.11 Base part for package epstopdf
Package epstopdf-base Info: Redefining graphics rule for `.eps' on input line 4
85.

(C:\Users\HAMEDI\AppData\Local\Programs\MiKTeX\tex/latex/00miktex\epstopdf-sys.
cfg
File: epstopdf-sys.cfg 2021/03/18 v2.0 Configuration of epstopdf for MiKTeX
))
\c@lstlisting=\count334
LaTeX Font Info:    Trying to load font information for U+msa on input line 14.

 (C:\Users\HAMEDI\AppData\Local\Programs\MiKTeX\tex/latex/amsfonts\umsa.fd
File: umsa.fd 2013/01/14 v3.01 AMS symbols A
)
LaTeX Font Info:    Trying to load font information for U+msb on input line 14.

 (C:\Users\HAMEDI\AppData\Local\Programs\MiKTeX\tex/latex/amsfonts\umsb.fd
File: umsb.fd 2013/01/14 v3.01 AMS symbols B
)
Overfull \hbox (246.89813pt too wide) in paragraph at lines 23--28
[]\T1/cmr/m/n/10.95 distillation: \T1/cmtt/m/n/10.95 distillation_RL_assisted_M
PC_horizons_unified.ipynb\T1/cmr/m/n/10.95 , \T1/cmtt/m/n/10.95 distillation_RL
_assisted_MPC_horizons_dueling_unified.ipynb\T1/cmr/m/n/10.95 ,
 []


Overfull \hbox (180.07198pt too wide) in paragraph at lines 23--28
\T1/cmtt/m/n/10.95 distillation_RL_assisted_MPC_weights_unified.ipynb\T1/cmr/m/
n/10.95 , \T1/cmtt/m/n/10.95 distillation_RL_assisted_MPC_reidentification_unif
ied.ipynb 
 []


Overfull \hbox (87.61191pt too wide) in paragraph at lines 28--33
[]\T1/cmr/m/n/10.95 polymer: \T1/cmtt/m/n/10.95 RL_assisted_MPC_horizons_unifie
d.ipynb\T1/cmr/m/n/10.95 , \T1/cmtt/m/n/10.95 RL_assisted_MPC_horizons_dueling_
unified.ipynb\T1/cmr/m/n/10.95 ,
 []


Overfull \hbox (32.95433pt too wide) in paragraph at lines 28--33
\T1/cmtt/m/n/10.95 RL_assisted_MPC_weights_unified.ipynb\T1/cmr/m/n/10.95 , \T1
/cmtt/m/n/10.95 RL_assisted_MPC_reidentification_unified.ipynb 
 []

[1

{C:/Users/HAMEDI/AppData/Local/MiKTeX/fonts/map/pdftex/pdftex.map}{C:/Users/HAM
EDI/AppData/Local/Programs/MiKTeX/fonts/enc/dvips/cm-super/cm-super-t1.enc}{C:/
Users/HAMEDI/AppData/Local/Programs/MiKTeX/fonts/enc/dvips/cm-super/cm-super-ts
1.enc}]
Overfull \hbox (178.41335pt too wide) in paragraph at lines 97--101
\T1/cmr/m/n/10.95 The lat-est stored dis-tur-bance DQN hori-zon run is \T1/cmtt
/m/n/10.95 distillation_horizon_disturb_fluctuation_standard_unified/20260416_1
92434\T1/cmr/m/n/10.95 ,
 []


Overfull \hbox (31.08148pt too wide) in paragraph at lines 97--101
\T1/cmr/m/n/10.95 com-pared against \T1/cmtt/m/n/10.95 distillation_compare_hor
izon_disturb_fluctuation_standard/20260416_192443\T1/cmr/m/n/10.95 . 
 []

<../Distillation/Results/distillation_compare_horizon_disturb_fluctuation_stand
ard/20260416_192443/compare_rewards.png, id=17, 505.6491pt x 328.8285pt>
File: ../Distillation/Results/distillation_compare_horizon_disturb_fluctuation_
standard/20260416_192443/compare_rewards.png Graphic file (type png)
<use ../Distillation/Results/distillation_compare_horizon_disturb_fluctuation_s
tandard/20260416_192443/compare_rewards.png>
Package pdftex.def Info: ../Distillation/Results/distillation_compare_horizon_d
isturb_fluctuation_standard/20260416_192443/compare_rewards.png  used on input 
line 114.
(pdftex.def)             Requested size: 230.18253pt x 149.68744pt.
<../Distillation/Results/distillation_compare_horizon_disturb_fluctuation_stand
ard/20260416_192443/compare_outputs_last_episode.png, id=19, 569.2467pt x 356.7
729pt>
File: ../Distillation/Results/distillation_compare_horizon_disturb_fluctuation_
standard/20260416_192443/compare_outputs_last_episode.png Graphic file (type pn
g)
<use ../Distillation/Results/distillation_compare_horizon_disturb_fluctuation_s
tandard/20260416_192443/compare_outputs_last_episode.png>
Package pdftex.def Info: ../Distillation/Results/distillation_compare_horizon_d
isturb_fluctuation_standard/20260416_192443/compare_outputs_last_episode.png  u
sed on input line 116.
(pdftex.def)             Requested size: 230.18253pt x 144.26358pt.
[2
pdfTeX warning (ext4): destination with the same identifier (name{table.1}) has
 been already used, duplicate ignored
<argument> ...shipout:D \box_use:N \l_shipout_box 
                                                  \__shipout_drop_firstpage_...
l.120 
      ]
Overfull \hbox (234.4303pt too wide) in paragraph at lines 123--127
\T1/cmr/m/n/10.95 The lat-est stored dis-tur-bance dueling-horizon run is \T1/c
mtt/m/n/10.95 distillation_dueling_horizon_disturb_fluctuation_standard_unified
/20260416_192302\T1/cmr/m/n/10.95 ,
 []


Overfull \hbox (76.34845pt too wide) in paragraph at lines 123--127
\T1/cmr/m/n/10.95 com-pared against \T1/cmtt/m/n/10.95 distillation_compare_due
ling_horizon_disturb_fluctuation_standard/20260416_192310\T1/cmr/m/n/10.95 . 
 []

<../Distillation/Results/distillation_compare_dueling_horizon_disturb_fluctuati
on_standard/20260416_192310/compare_rewards.png, id=32, 492.8814pt x 328.8285pt
>
File: ../Distillation/Results/distillation_compare_dueling_horizon_disturb_fluc
tuation_standard/20260416_192310/compare_rewards.png Graphic file (type png)
<use ../Distillation/Results/distillation_compare_dueling_horizon_disturb_fluct
uation_standard/20260416_192310/compare_rewards.png>
Package pdftex.def Info: ../Distillation/Results/distillation_compare_dueling_h
orizon_disturb_fluctuation_standard/20260416_192310/compare_rewards.png  used o
n input line 141.
(pdftex.def)             Requested size: 230.18253pt x 153.56598pt.
<../Distillation/Results/distillation_compare_dueling_horizon_disturb_fluctuati
on_standard/20260416_192310/compare_outputs_last_episode.png, id=33, 569.2467pt
 x 356.7729pt>
File: ../Distillation/Results/distillation_compare_dueling_horizon_disturb_fluc
tuation_standard/20260416_192310/compare_outputs_last_episode.png Graphic file 
(type png)
<use ../Distillation/Results/distillation_compare_dueling_horizon_disturb_fluct
uation_standard/20260416_192310/compare_outputs_last_episode.png>
Package pdftex.def Info: ../Distillation/Results/distillation_compare_dueling_h
orizon_disturb_fluctuation_standard/20260416_192310/compare_outputs_last_episod
e.png  used on input line 143.
(pdftex.def)             Requested size: 230.18253pt x 144.26358pt.

Overfull \hbox (244.58092pt too wide) in paragraph at lines 150--154
\T1/cmr/m/n/10.95 The lat-est stored dis-tur-bance weights run is the SAC re-su
lt \T1/cmtt/m/n/10.95 distillation_weights_sac_disturb_fluctuation_standard_uni
fied/20260416_192555\T1/cmr/m/n/10.95 ,
 []


Overfull \hbox (53.71497pt too wide) in paragraph at lines 150--154
\T1/cmr/m/n/10.95 com-pared against \T1/cmtt/m/n/10.95 distillation_compare_wei
ghts_sac_disturb_fluctuation_standard/20260416_192602\T1/cmr/m/n/10.95 . 
 []

[3
pdfTeX warning (ext4): destination with the same identifier (name{figure.1}) ha
s been already used, duplicate ignored
<argument> ...shipout:D \box_use:N \l_shipout_box 
                                                  \__shipout_drop_firstpage_...
l.159 \item T
             he four logged penalty multipliers average
pdfTeX warning (ext4): destination with the same identifier (name{figure.2}) ha
s been already used, duplicate ignored
<argument> ...shipout:D \box_use:N \l_shipout_box 
                                                  \__shipout_drop_firstpage_...
l.159 \item T
             he four logged penalty multipliers average <../Distillation/Result
s/distillation_compare_horizon_disturb_fluctuation_standard/20260416_192443/com
pare_rewards.png> <../Distillation/Results/distillation_compare_horizon_disturb
_fluctuation_standard/20260416_192443/compare_outputs_last_episode.png> <../Dis
tillation/Results/distillation_compare_dueling_horizon_disturb_fluctuation_stan
dard/20260416_192310/compare_rewards.png> <../Distillation/Results/distillation
_compare_dueling_horizon_disturb_fluctuation_standard/20260416_192310/compare_o
utputs_last_episode.png>]
Overfull \hbox (73.84863pt too wide) in paragraph at lines 159--162
[]\T1/cmr/m/n/10.95 The four logged penalty mul-ti-pli-ers av-er-age $\OT1/cmr/
m/n/10.95 [1\OML/cmm/m/it/10.95 :\OT1/cmr/m/n/10.95 146\OML/cmm/m/it/10.95 ;  \
OT1/cmr/m/n/10.95 1\OML/cmm/m/it/10.95 :\OT1/cmr/m/n/10.95 162\OML/cmm/m/it/10.
95 ;  \OT1/cmr/m/n/10.95 0\OML/cmm/m/it/10.95 :\OT1/cmr/m/n/10.95 999\OML/cmm/m
/it/10.95 ;  \OT1/cmr/m/n/10.95 1\OML/cmm/m/it/10.95 :\OT1/cmr/m/n/10.95 033]$ 
\T1/cmr/m/n/10.95 and end at $\OT1/cmr/m/n/10.95 [0\OML/cmm/m/it/10.95 :\OT1/cm
r/m/n/10.95 837\OML/cmm/m/it/10.95 ;  \OT1/cmr/m/n/10.95 1\OML/cmm/m/it/10.95 :
\OT1/cmr/m/n/10.95 100\OML/cmm/m/it/10.95 ;  \OT1/cmr/m/n/10.95 0\OML/cmm/m/it/
10.95 :\OT1/cmr/m/n/10.95 761\OML/cmm/m/it/10.95 ;  \OT1/cmr/m/n/10.95 1\OML/cm
m/m/it/10.95 :\OT1/cmr/m/n/10.95 014]$\T1/cmr/m/n/10.95 . 
 []

<../Distillation/Results/distillation_compare_weights_sac_disturb_fluctuation_s
tandard/20260416_192602/compare_rewards.png, id=46, 492.8814pt x 332.6829pt>
File: ../Distillation/Results/distillation_compare_weights_sac_disturb_fluctuat
ion_standard/20260416_192602/compare_rewards.png Graphic file (type png)
<use ../Distillation/Results/distillation_compare_weights_sac_disturb_fluctuati
on_standard/20260416_192602/compare_rewards.png>
Package pdftex.def Info: ../Distillation/Results/distillation_compare_weights_s
ac_disturb_fluctuation_standard/20260416_192602/compare_rewards.png  used on in
put line 168.
(pdftex.def)             Requested size: 230.18253pt x 155.36601pt.
<../Distillation/Results/distillation_compare_weights_sac_disturb_fluctuation_s
tandard/20260416_192602/compare_outputs_last_episode.png, id=47, 569.2467pt x 3
56.7729pt>
File: ../Distillation/Results/distillation_compare_weights_sac_disturb_fluctuat
ion_standard/20260416_192602/compare_outputs_last_episode.png Graphic file (typ
e png)
<use ../Distillation/Results/distillation_compare_weights_sac_disturb_fluctuati
on_standard/20260416_192602/compare_outputs_last_episode.png>
Package pdftex.def Info: ../Distillation/Results/distillation_compare_weights_s
ac_disturb_fluctuation_standard/20260416_192602/compare_outputs_last_episode.pn
g  used on input line 170.
(pdftex.def)             Requested size: 230.18253pt x 144.26358pt.

Overfull \hbox (260.61037pt too wide) in paragraph at lines 177--181
\T1/cmr/m/n/10.95 The lat-est stored dis-tur-bance rei-den-ti-fi-ca-tion run is
 \T1/cmtt/m/n/10.95 distillation_reidentification_td3_disturb_fluctuation_misma
tch_unified/20260416_113030\T1/cmr/m/n/10.95 ,
 []


Overfull \hbox (104.6403pt too wide) in paragraph at lines 177--181
\T1/cmr/m/n/10.95 com-pared against \T1/cmtt/m/n/10.95 distillation_compare_rei
dentification_td3_disturb_fluctuation_mismatch/20260416_113035\T1/cmr/m/n/10.95
 . 
 []

<../Distillation/Results/distillation_compare_reidentification_td3_disturb_fluc
tuation_mismatch/20260416_113035/compare_rewards.png, id=48, 494.5677pt x 331.9
602pt>
File: ../Distillation/Results/distillation_compare_reidentification_td3_disturb
_fluctuation_mismatch/20260416_113035/compare_rewards.png Graphic file (type pn
g)
<use ../Distillation/Results/distillation_compare_reidentification_td3_disturb_
fluctuation_mismatch/20260416_113035/compare_rewards.png>
Package pdftex.def Info: ../Distillation/Results/distillation_compare_reidentif
ication_td3_disturb_fluctuation_mismatch/20260416_113035/compare_rewards.png  u
sed on input line 196.
(pdftex.def)             Requested size: 230.18253pt x 154.50172pt.
<../Distillation/Results/distillation_compare_reidentification_td3_disturb_fluc
tuation_mismatch/20260416_113035/compare_outputs_last_episode.png, id=49, 569.2
467pt x 356.7729pt>
File: ../Distillation/Results/distillation_compare_reidentification_td3_disturb
_fluctuation_mismatch/20260416_113035/compare_outputs_last_episode.png Graphic 
file (type png)
<use ../Distillation/Results/distillation_compare_reidentification_td3_disturb_
fluctuation_mismatch/20260416_113035/compare_outputs_last_episode.png>
Package pdftex.def Info: ../Distillation/Results/distillation_compare_reidentif
ication_td3_disturb_fluctuation_mismatch/20260416_113035/compare_outputs_last_e
pisode.png  used on input line 198.
(pdftex.def)             Requested size: 230.18253pt x 144.26358pt.
[4
pdfTeX warning (ext4): destination with the same identifier (name{figure.3}) ha
s been already used, duplicate ignored
<argument> ...shipout:D \box_use:N \l_shipout_box 
                                                  \__shipout_drop_firstpage_...
l.202 
       <../Distillation/Results/distillation_compare_weights_sac_disturb_fluctu
ation_standard/20260416_192602/compare_rewards.png> <../Distillation/Results/di
stillation_compare_weights_sac_disturb_fluctuation_standard/20260416_192602/com
pare_outputs_last_episode.png>]
<../Polymer/Results/disturb_compare_horizon_unified/20260407_175031/compare_rew
ards.png, id=59, 515.7669pt x 328.8285pt>
File: ../Polymer/Results/disturb_compare_horizon_unified/20260407_175031/compar
e_rewards.png Graphic file (type png)
<use ../Polymer/Results/disturb_compare_horizon_unified/20260407_175031/compare
_rewards.png>
Package pdftex.def Info: ../Polymer/Results/disturb_compare_horizon_unified/202
60407_175031/compare_rewards.png  used on input line 242.
(pdftex.def)             Requested size: 230.18253pt x 146.7522pt.
<../Polymer/Results/disturb_compare_horizon_unified/20260407_175031/compare_out
puts_last_episode.png, id=60, 545.8794pt x 356.7729pt>
File: ../Polymer/Results/disturb_compare_horizon_unified/20260407_175031/compar
e_outputs_last_episode.png Graphic file (type png)
<use ../Polymer/Results/disturb_compare_horizon_unified/20260407_175031/compare
_outputs_last_episode.png>
Package pdftex.def Info: ../Polymer/Results/disturb_compare_horizon_unified/202
60407_175031/compare_outputs_last_episode.png  used on input line 244.
(pdftex.def)             Requested size: 230.18253pt x 150.43697pt.
 [5
pdfTeX warning (ext4): destination with the same identifier (name{figure.4}) ha
s been already used, duplicate ignored
<argument> ...shipout:D \box_use:N \l_shipout_box 
                                                  \__shipout_drop_firstpage_...
l.248 
      
pdfTeX warning (ext4): destination with the same identifier (name{table.2}) has
 been already used, duplicate ignored
<argument> ...shipout:D \box_use:N \l_shipout_box 
                                                  \__shipout_drop_firstpage_...
l.248 
       <../Distillation/Results/distillation_compare_reidentification_td3_distu
rb_fluctuation_mismatch/20260416_113035/compare_rewards.png> <../Distillation/R
esults/distillation_compare_reidentification_td3_disturb_fluctuation_mismatch/2
0260416_113035/compare_outputs_last_episode.png>]
Overfull \hbox (200.86374pt too wide) in paragraph at lines 251--255
\T1/cmtt/m/n/10.95 dueling_horizon_disturb_unified/20260417_035217\T1/cmr/m/n/1
0.95 , com-pared against \T1/cmtt/m/n/10.95 disturb_compare_dueling_horizon_uni
fied/20260417_035231\T1/cmr/m/n/10.95 . 
 []

<../Polymer/Results/disturb_compare_dueling_horizon_unified/20260417_035231/com
pare_rewards.png, id=71, 515.7669pt x 328.8285pt>
File: ../Polymer/Results/disturb_compare_dueling_horizon_unified/20260417_03523
1/compare_rewards.png Graphic file (type png)
<use ../Polymer/Results/disturb_compare_dueling_horizon_unified/20260417_035231
/compare_rewards.png>
Package pdftex.def Info: ../Polymer/Results/disturb_compare_dueling_horizon_uni
fied/20260417_035231/compare_rewards.png  used on input line 270.
(pdftex.def)             Requested size: 230.18253pt x 146.7522pt.
<../Polymer/Results/disturb_compare_dueling_horizon_unified/20260417_035231/com
pare_outputs_last_episode.png, id=72, 545.8794pt x 356.7729pt>
File: ../Polymer/Results/disturb_compare_dueling_horizon_unified/20260417_03523
1/compare_outputs_last_episode.png Graphic file (type png)
<use ../Polymer/Results/disturb_compare_dueling_horizon_unified/20260417_035231
/compare_outputs_last_episode.png>
Package pdftex.def Info: ../Polymer/Results/disturb_compare_dueling_horizon_uni
fied/20260417_035231/compare_outputs_last_episode.png  used on input line 272.
(pdftex.def)             Requested size: 230.18253pt x 150.43697pt.

Overfull \hbox (123.20068pt too wide) in paragraph at lines 279--283
\T1/cmr/m/n/10.95 bance run is \T1/cmtt/m/n/10.95 td3_weights_disturb/20260417_
031734\T1/cmr/m/n/10.95 , com-pared against \T1/cmtt/m/n/10.95 disturb_compare_
td3_weights/20260417_031746\T1/cmr/m/n/10.95 . 
 []

[6
pdfTeX warning (ext4): destination with the same identifier (name{figure.5}) ha
s been already used, duplicate ignored
<argument> ...shipout:D \box_use:N \l_shipout_box 
                                                  \__shipout_drop_firstpage_...
l.288 \item T
             he four logged penalty multipliers average
pdfTeX warning (ext4): destination with the same identifier (name{figure.6}) ha
s been already used, duplicate ignored
<argument> ...shipout:D \box_use:N \l_shipout_box 
                                                  \__shipout_drop_firstpage_...
l.288 \item T
             he four logged penalty multipliers average <../Polymer/Results/dis
turb_compare_horizon_unified/20260407_175031/compare_rewards.png> <../Polymer/R
esults/disturb_compare_horizon_unified/20260407_175031/compare_outputs_last_epi
sode.png> <../Polymer/Results/disturb_compare_dueling_horizon_unified/20260417_
035231/compare_rewards.png> <../Polymer/Results/disturb_compare_dueling_horizon
_unified/20260417_035231/compare_outputs_last_episode.png>]
Overfull \hbox (73.84863pt too wide) in paragraph at lines 288--291
[]\T1/cmr/m/n/10.95 The four logged penalty mul-ti-pli-ers av-er-age $\OT1/cmr/
m/n/10.95 [1\OML/cmm/m/it/10.95 :\OT1/cmr/m/n/10.95 403\OML/cmm/m/it/10.95 ;  \
OT1/cmr/m/n/10.95 1\OML/cmm/m/it/10.95 :\OT1/cmr/m/n/10.95 495\OML/cmm/m/it/10.
95 ;  \OT1/cmr/m/n/10.95 1\OML/cmm/m/it/10.95 :\OT1/cmr/m/n/10.95 263\OML/cmm/m
/it/10.95 ;  \OT1/cmr/m/n/10.95 1\OML/cmm/m/it/10.95 :\OT1/cmr/m/n/10.95 333]$ 
\T1/cmr/m/n/10.95 and end at $\OT1/cmr/m/n/10.95 [1\OML/cmm/m/it/10.95 :\OT1/cm
r/m/n/10.95 957\OML/cmm/m/it/10.95 ;  \OT1/cmr/m/n/10.95 1\OML/cmm/m/it/10.95 :
\OT1/cmr/m/n/10.95 703\OML/cmm/m/it/10.95 ;  \OT1/cmr/m/n/10.95 1\OML/cmm/m/it/
10.95 :\OT1/cmr/m/n/10.95 176\OML/cmm/m/it/10.95 ;  \OT1/cmr/m/n/10.95 1\OML/cm
m/m/it/10.95 :\OT1/cmr/m/n/10.95 246]$\T1/cmr/m/n/10.95 . 
 []

<../Polymer/Results/disturb_compare_td3_weights/20260417_031746/compare_rewards
.png, id=85, 507.3354pt x 333.1647pt>
File: ../Polymer/Results/disturb_compare_td3_weights/20260417_031746/compare_re
wards.png Graphic file (type png)
<use ../Polymer/Results/disturb_compare_td3_weights/20260417_031746/compare_rew
ards.png>
Package pdftex.def Info: ../Polymer/Results/disturb_compare_td3_weights/2026041
7_031746/compare_rewards.png  used on input line 297.
(pdftex.def)             Requested size: 230.18253pt x 151.15805pt.
<../Polymer/Results/disturb_compare_td3_weights/20260417_031746/compare_outputs
_last_episode.png, id=86, 545.8794pt x 356.7729pt>
File: ../Polymer/Results/disturb_compare_td3_weights/20260417_031746/compare_ou
tputs_last_episode.png Graphic file (type png)
<use ../Polymer/Results/disturb_compare_td3_weights/20260417_031746/compare_out
puts_last_episode.png>
Package pdftex.def Info: ../Polymer/Results/disturb_compare_td3_weights/2026041
7_031746/compare_outputs_last_episode.png  used on input line 299.
(pdftex.def)             Requested size: 230.18253pt x 150.43697pt.

Overfull \hbox (16.5641pt too wide) in paragraph at lines 306--310
\T1/cmr/m/n/10.95 ti-fied mod-els. The lat-est stored dis-tur-bance run is \T1/
cmtt/m/n/10.95 td3_reidentification_disturb/20260415_120803\T1/cmr/m/n/10.95 ,
 []

<../Polymer/Results/disturb_compare_td3_reidentification/20260415_120810/compar
e_rewards.png, id=87, 524.1984pt x 328.8285pt>
File: ../Polymer/Results/disturb_compare_td3_reidentification/20260415_120810/c
ompare_rewards.png Graphic file (type png)
<use ../Polymer/Results/disturb_compare_td3_reidentification/20260415_120810/co
mpare_rewards.png>
Package pdftex.def Info: ../Polymer/Results/disturb_compare_td3_reidentificatio
n/20260415_120810/compare_rewards.png  used on input line 325.
(pdftex.def)             Requested size: 230.18253pt x 144.39397pt.
<../Polymer/Results/disturb_compare_td3_reidentification/20260415_120810/compar
e_outputs_last_episode.png, id=88, 545.8794pt x 356.7729pt>
File: ../Polymer/Results/disturb_compare_td3_reidentification/20260415_120810/c
ompare_outputs_last_episode.png Graphic file (type png)
<use ../Polymer/Results/disturb_compare_td3_reidentification/20260415_120810/co
mpare_outputs_last_episode.png>
Package pdftex.def Info: ../Polymer/Results/disturb_compare_td3_reidentificatio
n/20260415_120810/compare_outputs_last_episode.png  used on input line 327.
(pdftex.def)             Requested size: 230.18253pt x 150.43697pt.
[7
pdfTeX warning (ext4): destination with the same identifier (name{figure.7}) ha
s been already used, duplicate ignored
<argument> ...shipout:D \box_use:N \l_shipout_box 
                                                  \__shipout_drop_firstpage_...
l.331 
       <../Polymer/Results/disturb_compare_td3_weights/20260417_031746/compare_
rewards.png> <../Polymer/Results/disturb_compare_td3_weights/20260417_031746/co
mpare_outputs_last_episode.png>]
Overfull \hbox (0.78542pt too wide) in paragraph at lines 348--350
[]\T1/cmr/m/n/10.95 offset-free MPC base-line note-book run-ning in dis-tur-ban
ce mode with the canon-i-cal \T1/cmtt/m/n/10.95 ca0_blocks
 []

[8
pdfTeX warning (ext4): destination with the same identifier (name{figure.8}) ha
s been already used, duplicate ignored
<argument> ...shipout:D \box_use:N \l_shipout_box 
                                                  \__shipout_drop_firstpage_...
l.354 \end{document}
                     <../Polymer/Results/disturb_compare_td3_reidentification/2
0260415_120810/compare_rewards.png> <../Polymer/Results/disturb_compare_td3_rei
dentification/20260415_120810/compare_outputs_last_episode.png>]
(11_weekly_td3_disturbance_summary.aux)
 ***********
LaTeX2e <2025-11-01>
L3 programming layer <2026-01-19>
 ***********
Package rerunfilecheck Info: File `11_weekly_td3_disturbance_summary.out' has n
ot changed.
(rerunfilecheck)             Checksum: D41D8CD98F00B204E9800998ECF8427E;0.
 ) 
Here is how much of TeX's memory you used:
 13154 strings out of 467867
 212814 string characters out of 5417850
 799811 words of memory out of 5000000
 41835 multiletter control sequences out of 15000+600000
 641651 words of font info for 81 fonts, out of 8000000 for 9000
 1141 hyphenation exceptions out of 8191
 80i,8n,82p,382b,521s stack positions out of 10000i,1000n,20000p,200000b,200000s
<C:/Users/HAMEDI/AppData/Local/Programs/MiKTeX/fonts/type1/public/amsfonts/cm
/cmmi10.pfb><C:/Users/HAMEDI/AppData/Local/Programs/MiKTeX/fonts/type1/public/a
msfonts/cm/cmmi8.pfb><C:/Users/HAMEDI/AppData/Local/Programs/MiKTeX/fonts/type1
/public/amsfonts/cm/cmr10.pfb><C:/Users/HAMEDI/AppData/Local/Programs/MiKTeX/fo
nts/type1/public/amsfonts/cm/cmsy10.pfb><C:/Users/HAMEDI/AppData/Local/Programs
/MiKTeX/fonts/type1/public/cm-super/sfbx1200.pfb><C:/Users/HAMEDI/AppData/Local
/Programs/MiKTeX/fonts/type1/public/cm-super/sfbx1440.pfb><C:/Users/HAMEDI/AppD
ata/Local/Programs/MiKTeX/fonts/type1/public/cm-super/sfrm1000.pfb><C:/Users/HA
MEDI/AppData/Local/Programs/MiKTeX/fonts/type1/public/cm-super/sfrm1095.pfb><C:
/Users/HAMEDI/AppData/Local/Programs/MiKTeX/fonts/type1/public/cm-super/sfrm120
0.pfb><C:/Users/HAMEDI/AppData/Local/Programs/MiKTeX/fonts/type1/public/cm-supe
r/sfrm1728.pfb><C:/Users/HAMEDI/AppData/Local/Programs/MiKTeX/fonts/type1/publi
c/cm-super/sftt1095.pfb>
Output written on 11_weekly_td3_disturbance_summary.pdf (8 pages, 2868906 bytes
).
PDF statistics:
 164 PDF objects out of 1000 (max. 8388607)
 33 named destinations out of 1000 (max. 500000)
 81 words of extra memory for PDF output out of 10000 (max. 10000000)

